// Jest Snapshot v1, https://goo.gl/fbAQLP

exports[`Search should match the snapshot 1`] = `
<div
  className="Search"
>
  <input
    onChange={[Function]}
    placeholder="Search"
    type="text"
    value=""
  />
</div>
`;
